
> jnmf@0.1.0 build
> next build

Γû▓ Next.js 16.1.1 (Turbopack)
- Environments: .env

  Creating an optimized production build ...
node.exe : 
At C:\Program Files\nodejs\npm.ps1:29 char:3
+   & $NODE_EXE $NPM_CLI_JS $args
+   ~~~~~~~~~~~~~~~~~~~~~~~~~~~~~
    + CategoryInfo          : NotSpecified: (:String)  
   [], RemoteException
    + FullyQualifiedErrorId : NativeCommandError
 
> Build error occurred
Error: Turbopack build failed with 3 errors:
./app/blood-analysis/page.tsx:15:1
Module not found: Can't resolve './bloodanalysis.css'
[0m [90m 13 |[39m } [36mfrom[39m 
[32m"chart.js"[39m[33m;[39m
 [90m 14 |[39m [36mimport[39m { 
[33mPie[39m[33m,[39m [33mBar[39m[33m,[39m 
[33mDoughnut[39m } [36mfrom[39m 
[32m"react-chartjs-2"[39m[33m;[39m
[31m[1m>[22m[39m[90m 15 |[39m [36mimport[39m 
[32m"./bloodanalysis.css"[39m[33m;[39m
 [90m    |[39m [31m[1m^[22m[39m[31m[1m^[22m[3
9m[31m[1m^[22m[39m[31m[1m^[22m[39m[31m[1m^[2
2m[39m[31m[1m^[22m[39m[31m[1m^[22m[39m[31m[1
m^[22m[39m[31m[1m^[22m[39m[31m[1m^[22m[39m[3
1m[1m^[22m[39m[31m[1m^[22m[39m[31m[1m^[22m[3
9m[31m[1m^[22m[39m[31m[1m^[22m[39m[31m[1m^[2
2m[39m[31m[1m^[22m[39m[31m[1m^[22m[39m[31m[1
m^[22m[39m[31m[1m^[22m[39m[31m[1m^[22m[39m[3
1m[1m^[22m[39m[31m[1m^[22m[39m[31m[1m^[22m[3
9m[31m[1m^[22m[39m[31m[1m^[22m[39m[31m[1m^[2
2m[39m[31m[1m^[22m[39m[31m[1m^[22m[39m
 [90m 16 |[39m
 [90m 17 |[39m [33mChartJS[39m[33m.[39mregister(
 [90m 18 |[39m   [33mArcElement[39m[33m,[39m[0m



Import traces:
  Client Component Browser:
    ./app/blood-analysis/page.tsx [Client Component 
Browser]
    ./app/blood-analysis/page.tsx [Server Component]

  Client Component SSR:
    ./app/blood-analysis/page.tsx [Client Component 
SSR]
    ./app/blood-analysis/page.tsx [Server Component]

https://nextjs.org/docs/messages/module-not-found


./app/enquiry-registration/page.tsx:4:1
Module not found: Can't resolve './enquiry.css'
[0m [90m 2 |[39m [36mimport[39m { 
useEffect[33m,[39m useState } [36mfrom[39m 
[32m"react"[39m[33m;[39m
 [90m 3 |[39m [36mimport[39m [33mLink[39m 
[36mfrom[39m [32m"next/link"[39m[33m;[39m
[31m[1m>[22m[39m[90m 4 |[39m [36mimport[39m 
[32m"./enquiry.css"[39m[33m;[39m
 [90m   |[39m [31m[1m^[22m[39m[31m[1m^[22m[39
m[31m[1m^[22m[39m[31m[1m^[22m[39m[31m[1m^[22
m[39m[31m[1m^[22m[39m[31m[1m^[22m[39m[31m[1m
^[22m[39m[31m[1m^[22m[39m[31m[1m^[22m[39m[31
m[1m^[22m[39m[31m[1m^[22m[39m[31m[1m^[22m[39
m[31m[1m^[22m[39m[31m[1m^[22m[39m[31m[1m^[22
m[39m[31m[1m^[22m[39m[31m[1m^[22m[39m[31m[1m
^[22m[39m[31m[1m^[22m[39m[31m[1m^[22m[39m[31
m[1m^[22m[39m[31m[1m^[22m[39m
 [90m 5 |[39m
 [90m 6 |[39m [36mexport[39m [36mdefault[39m 
[36mfunction[39m [33mEnquiryRegistrationPage[39m() 
{
 [90m 7 |[39m   [36mconst[39m [id[33m,[39m 
setId] [33m=[39m useState[33m<[39m[33mnumber[39m
[33m>[39m([35m1[39m)[33m;[39m[0m



Import traces:
  Client Component Browser:
    ./app/enquiry-registration/page.tsx [Client 
Component Browser]
    ./app/enquiry-registration/page.tsx [Server 
Component]

  Client Component SSR:
    ./app/enquiry-registration/page.tsx [Client 
Component SSR]
    ./app/enquiry-registration/page.tsx [Server 
Component]

https://nextjs.org/docs/messages/module-not-found


./app/contact/contact.css:5:20
Module not found: Can't resolve 'staticα«¼kground.jpg'
[0m [90m 3 |[39m       
font[33m-[39mfamily[33m:[39m 
[33mArial[39m[33m,[39m 
sans[33m-[39mserif[33m;[39m
 [90m 4 |[39m       background[33m:[39m 
url([32m"static\background.jpg"[39m) 
no[33m-[39mrepeat center center fixed[33m;[39m
[31m[1m>[22m[39m[90m 5 |[39m       
background[33m-[39msize[33m:[39m cover[33m;[39m
 [90m   |[39m                    [31m[1m^[22m[39m
 [90m 6 |[39m       color[33m:[39m 
[33m#[39m[35m333[39m[33m;[39m
 [90m 7 |[39m     }
 [90m 8 |[39m[0m



Import trace:
  Client Component Browser:
    ./app/contact/contact.css [Client Component 
Browser]
    ./app/contact/page.tsx [Client Component Browser]
    ./app/contact/page.tsx [Server Component]

https://nextjs.org/docs/messages/module-not-found


    at <unknown> (./app/blood-analysis/page.tsx:15:1)
    at <unknown> 
(https://nextjs.org/docs/messages/module-not-found)
    at <unknown> 
(./app/enquiry-registration/page.tsx:4:1)
    at <unknown> 
(https://nextjs.org/docs/messages/module-not-found)
    at <unknown> (./app/contact/contact.css:5:20)
    at <unknown> 
(https://nextjs.org/docs/messages/module-not-found)
Assertion failed: !(handle->flags & 
UV_HANDLE_CLOSING), file 
c:\ws\deps\uv\src\win\async.c, line 76
